32
RXDATA0+ VSS
RXDATA0- VSS
RXDATA1+ VSS
RXDATA1- VSS
RXDATA2+ VSS
RXDATA2- VSS
RXDATA3+ VSS
RXDATA3- VSS
RXDATA4+ VSS
RXDATA4- VSS
RXDATA5+ VSS
RXDATA5- VSS
RXDATA6+ VSS
RXDATA6- VSS
RXDATA7+ VSS
RXDATA7- VSS
TXDATA0+ VSS
TXDATA0- VSS
TXDATA1+ VSS
TXDATA1- VSS
TXDATA2+ VSS
TXDATA2- VSS
TXDATA3+ VSS
TXDATA3- VSS
TXDATA4+ VSS
TXDATA4- VSS
TXDATA5+ VSS
TXDATA5- VSS
TXDATA6+ VSS
TXDATA6- VSS
TXDATA7+ VSS
TXDATA7- VSS
1
CSP_BGA_BGA
VSS
1
CSP_BGA_BGA
